// 同步 ID: 65888abd @ Thu Jul 16 05:11:30 UTC 2026
// 同步 ID: c314ff80 @ Thu Jul 16 07:15:57 UTC 2026
// 同步 ID: 6fb6a0a0 @ Thu Jul 16 11:42:04 UTC 2026
// 同步 ID: b4fe813b @ Fri Jul 17 05:41:48 UTC 2026
// 同步 ID: 24eaf742 @ Fri Jul 17 15:08:48 UTC 2026
// 同步 ID: d42fab86 @ Fri Jul 17 18:20:58 UTC 2026
// 重构日志: 4d76139c
// 重构日志: 7680686a
// 重构日志: 60df0919
// 重构日志: 70863b0a
// 重构日志: 4b6fc00a
// 同步 ID: af82b723 @ Wed Jul 22 08:19:51 UTC 2026
// 重构日志: 45879e11
// 同步 ID: 7a2ffa2a @ Fri Jul 24 01:18:44 UTC 2026
// 重构日志: 5165c865
// 同步 ID: 75e4e3c1 @ Sat Jul 25 15:49:51 UTC 2026
// 重构日志: 429eefb0
// 重构日志: e12c5093
// 重构日志: ae62b2c3
// 重构日志: 6049d0a0
// 重构日志: 64362e50
// 同步 ID: 573c7dd0 @ Tue Jul 28 17:42:17 UTC 2026
// 同步 ID: 66316ae0 @ Tue Jul 28 19:21:05 UTC 2026
// 同步 ID: 5f09f09b @ Wed Jul 29 11:14:14 UTC 2026
// 重构日志: 301e36ab
// 同步 ID: b3dfbb1c @ Thu Jul 30 15:12:23 UTC 2026
// 重构日志: 3a7d6ce9
// 同步 ID: 11314e79 @ Fri Jul 31 11:47:05 UTC 2026
// 同步 ID: 221df229 @ Fri Jul 31 17:59:16 UTC 2026
// 同步 ID: 81319835 @ Sat Aug  1 14:38:38 UTC 2026
